// Vitest Snapshot v1, https://vitest.dev/guide/snapshot.html

exports[`golden snapshot: representative material matrix > freezes full outputs 1`] = `
[
  {
    "category": "W Shape",
    "description": "",
    "efficiency": 91.42857142857143,
    "fabWeight": 3328,
    "isManualOverride": false,
    "length": 32,
    "optimalStockLength": 35,
    "pieces": 4,
    "piecesPerStock": 1,
    "priceBy": "LB",
    "size": "W12x26",
    "stockLength": 35,
    "stockWeight": 3640,
    "stocksRequired": 4,
    "totalCost": 3094,
    "totalLength": 128,
    "unitPrice": 0.85,
    "wasteLength": 12,
    "weightPerFoot": 26,
  },
  {
    "category": "W Shape",
    "description": "",
    "efficiency": 93.6,
    "fabWeight": 1965.6,
    "isManualOverride": false,
    "length": 28.08,
    "optimalStockLength": 30,
    "pieces": 2,
    "piecesPerStock": 1,
    "priceBy": "CWT",
    "size": "W18x35",
    "stockLength": 30,
    "stockWeight": 2100,
    "stocksRequired": 2,
    "totalCost": 1004.85,
    "totalLength": 56.16,
    "unitPrice": 47.85,
    "wasteLength": 3.8400000000000034,
    "weightPerFoot": 35,
  },
  {
    "category": "Channel",
    "description": "",
    "efficiency": 96.38181818181819,
    "fabWeight": 1797.039,
    "isManualOverride": false,
    "length": 17.67,
    "optimalStockLength": 55,
    "pieces": 3,
    "piecesPerStock": 3,
    "priceBy": "LF",
    "size": "C15x33.9",
    "stockLength": 55,
    "stockWeight": 1864.5,
    "stocksRequired": 1,
    "totalCost": 1883.75,
    "totalLength": 53.010000000000005,
    "unitPrice": 34.25,
    "wasteLength": 1.9899999999999949,
    "weightPerFoot": 33.9,
  },
  {
    "category": "Angle",
    "description": "",
    "efficiency": 100,
    "fabWeight": 294,
    "isManualOverride": false,
    "length": 10,
    "optimalStockLength": 20,
    "pieces": 6,
    "piecesPerStock": 2,
    "priceBy": "EA",
    "size": "L3x3x1/4",
    "stockLength": 20,
    "stockWeight": 294,
    "stocksRequired": 3,
    "totalCost": 270,
    "totalLength": 60,
    "unitPrice": 45,
    "wasteLength": 0,
    "weightPerFoot": 4.9,
  },
  {
    "category": "Plate",
    "description": "PL 3/4" × 10"",
    "efficiency": 75,
    "fabWeight": 76.572,
    "isManualOverride": false,
    "length": 1.5,
    "optimalStockLength": 4,
    "pieces": 2,
    "piecesPerStock": 2,
    "plateThickness": 0.75,
    "plateWidth": 10,
    "priceBy": "LB",
    "size": "PL 3/4" × 10"",
    "stockLength": 4,
    "stockWeight": 102.096,
    "stocksRequired": 1,
    "totalCost": 63.29952,
    "totalLength": 3,
    "unitPrice": 0.62,
    "wasteLength": 1,
    "weightPerFoot": 25.524,
  },
  {
    "category": "MC Channel",
    "description": "",
    "efficiency": 93.6,
    "fabWeight": 2398.032,
    "isManualOverride": false,
    "length": 28.08,
    "optimalStockLength": 30,
    "pieces": 2,
    "piecesPerStock": 1,
    "priceBy": "LB",
    "size": "MC18x42.7",
    "stockLength": 30,
    "stockWeight": 2562,
    "stocksRequired": 2,
    "totalCost": 2738.778,
    "totalLength": 56.16,
    "unitPrice": 1.069,
    "wasteLength": 3.8400000000000034,
    "weightPerFoot": 42.7,
  },
  {
    "category": "Pipe",
    "description": "",
    "efficiency": 100,
    "fabWeight": 5577.179999999999,
    "isManualOverride": false,
    "length": 7,
    "optimalStockLength": 21,
    "pieces": 42,
    "piecesPerStock": 3,
    "priceBy": "EA",
    "size": "PIPE 6 STD",
    "stockLength": 21,
    "stockWeight": 5577.179999999999,
    "stocksRequired": 14,
    "totalCost": 3990,
    "totalLength": 294,
    "unitPrice": 95,
    "wasteLength": 0,
    "weightPerFoot": 18.97,
  },
  {
    "category": "Round Bar",
    "description": "",
    "efficiency": 100,
    "fabWeight": 0,
    "isManualOverride": false,
    "length": 12,
    "optimalStockLength": 12,
    "pieces": 10,
    "piecesPerStock": 1,
    "priceBy": "LB",
    "size": "RB 1",
    "stockLength": 12,
    "stockWeight": 0,
    "stocksRequired": 10,
    "totalCost": 0,
    "totalLength": 120,
    "unitPrice": 0.95,
    "wasteLength": 0,
    "weightPerFoot": 0,
  },
]
`;
