// Vitest Snapshot v1, https://vitest.dev/guide/snapshot.html

exports[`large fixture (330 materials) end-to-end > grandTotal to the penny, per tax category 1`] = `
{
  "fob": {
    "adjustments": -1250.75,
    "fab": 60289,
    "fabWeight": 1481349.89,
    "grandTotal": 1512318.49,
    "markup": 84725.54,
    "material": 1236850.8,
    "recap": 17700,
    "stockWeight": 1642114.81,
    "tax": 114003.89,
  },
  "newConstruction": {
    "adjustments": -1250.75,
    "fab": 60289,
    "fabWeight": 1481349.89,
    "grandTotal": 1507117.12,
    "markup": 84725.54,
    "material": 1236850.8,
    "recap": 17700,
    "stockWeight": 1642114.81,
    "tax": 108802.53,
  },
  "null": {
    "adjustments": -1250.75,
    "fab": 60289,
    "fabWeight": 1481349.89,
    "grandTotal": 1398314.6,
    "markup": 84725.54,
    "material": 1236850.8,
    "recap": 17700,
    "stockWeight": 1642114.81,
    "tax": 0,
  },
}
`;

exports[`large fixture (330 materials) end-to-end > nest allocation over the large fixture stays exact 1`] = `
[
  {
    "buy": 5810,
    "over": 0,
    "short": 0,
    "size": "C15x33.9",
    "sticks": 103,
    "yield": 1.036046,
  },
  {
    "buy": 4600,
    "over": 0,
    "short": 0,
    "size": "HSS4x4x1/4",
    "sticks": 96,
    "yield": 1.068969,
  },
  {
    "buy": 4632,
    "over": 0,
    "short": 0,
    "size": "HSS6x6x3/8",
    "sticks": 102,
    "yield": 1.105223,
  },
  {
    "buy": 4352,
    "over": 0,
    "short": 0,
    "size": "HSS8x6x1/2",
    "sticks": 98,
    "yield": 1.06959,
  },
  {
    "buy": 3403.38,
    "over": 7,
    "short": 0,
    "size": "L3x3x1/4",
    "sticks": 78,
    "yield": 1.146398,
  },
  {
    "buy": 3651.24,
    "over": 11,
    "short": 0,
    "size": "L4x4x3/8",
    "sticks": 80,
    "yield": 1.087773,
  },
  {
    "buy": 4285,
    "over": 0,
    "short": 0,
    "size": "MC18x42.7",
    "sticks": 72,
    "yield": 1.021559,
  },
  {
    "buy": 4210.35,
    "over": 14,
    "short": 0,
    "size": "PIPE 4 STD",
    "sticks": 86,
    "yield": 1.088339,
  },
  {
    "buy": 4670,
    "over": 0,
    "short": 0,
    "size": "W12x26",
    "sticks": 92,
    "yield": 1.042983,
  },
  {
    "buy": 3830,
    "over": 0,
    "short": 0,
    "size": "W16x26",
    "sticks": 64,
    "yield": 1.023552,
  },
  {
    "buy": 3390,
    "over": 0,
    "short": 0,
    "size": "W18x35",
    "sticks": 61,
    "yield": 1.034827,
  },
  {
    "buy": 3165,
    "over": 0,
    "short": 0,
    "size": "W21x44",
    "sticks": 55,
    "yield": 1.032852,
  },
  {
    "buy": 2900,
    "over": 0,
    "short": 0,
    "size": "W24x68",
    "sticks": 49,
    "yield": 1.040915,
  },
  {
    "buy": 3250,
    "over": 0,
    "short": 0,
    "size": "W8x10",
    "sticks": 55,
    "yield": 1.031605,
  },
]
`;

exports[`standard fixture end-to-end > every material line snapshot (weights, stock, cost) 1`] = `
[
  {
    "fabWeight": 3328,
    "item": "001",
    "length": 32,
    "pieces": 4,
    "priceBy": "LB",
    "size": "W12x26",
    "stockLength": 35,
    "stockWeight": 3640,
    "stocksRequired": 4,
    "totalCost": 3094,
    "wpf": 26,
  },
  {
    "fabWeight": 40.84,
    "item": "001",
    "length": 1,
    "pieces": 4,
    "priceBy": "LB",
    "size": "PL 1/2" × 6"",
    "stockLength": 4,
    "stockWeight": 40.84,
    "stocksRequired": 1,
    "totalCost": 25.32,
    "wpf": 10.21,
  },
  {
    "fabWeight": 1797.04,
    "item": "001",
    "length": 17.67,
    "pieces": 3,
    "priceBy": "LF",
    "size": "C15x33.9",
    "stockLength": 55,
    "stockWeight": 1864.5,
    "stocksRequired": 1,
    "totalCost": 1883.75,
    "wpf": 33.9,
  },
  {
    "fabWeight": 1965.6,
    "item": "001",
    "length": 28.08,
    "pieces": 2,
    "priceBy": "CWT",
    "size": "W18x35",
    "stockLength": 30,
    "stockWeight": 2100,
    "stocksRequired": 2,
    "totalCost": 1004.85,
    "wpf": 35,
  },
  {
    "fabWeight": 1248,
    "item": "001",
    "length": 24,
    "pieces": 2,
    "priceBy": "LB",
    "size": "W16x26",
    "stockLength": 25,
    "stockWeight": 1300,
    "stocksRequired": 2,
    "totalCost": 1105,
    "wpf": 26,
  },
  {
    "fabWeight": 294,
    "item": "002",
    "length": 10,
    "pieces": 6,
    "priceBy": "EA",
    "size": "L3x3x1/4",
    "stockLength": 20,
    "stockWeight": 294,
    "stocksRequired": 3,
    "totalCost": 270,
    "wpf": 4.9,
  },
  {
    "fabWeight": 81.68,
    "item": "002",
    "length": 2,
    "pieces": 4,
    "priceBy": "LB",
    "size": "PL 1/2" × 6"",
    "stockLength": 4,
    "stockWeight": 81.68,
    "stocksRequired": 2,
    "totalCost": 50.64,
    "wpf": 10.21,
  },
  {
    "fabWeight": 0,
    "item": "002",
    "length": 3,
    "pieces": 2,
    "priceBy": "LB",
    "size": "PL 1/2 x 6",
    "stockLength": 4,
    "stockWeight": 0,
    "stocksRequired": 2,
    "totalCost": 0,
    "wpf": 0,
  },
  {
    "fabWeight": 500,
    "item": "002",
    "length": 8,
    "pieces": 5,
    "priceBy": "LB",
    "size": "BENT PL 10GA",
    "stockLength": 40,
    "stockWeight": 500,
    "stocksRequired": 1,
    "totalCost": 450,
    "wpf": 12.5,
  },
  {
    "fabWeight": 2728,
    "item": "002",
    "length": 62,
    "pieces": 1,
    "priceBy": "LB",
    "size": "W21x44",
    "stockLength": 20,
    "stockWeight": 2728,
    "stocksRequired": 0,
    "totalCost": 2318.8,
    "wpf": 44,
  },
  {
    "fabWeight": 256.41,
    "item": "002",
    "length": 7,
    "pieces": 3,
    "priceBy": "LB",
    "size": "HSS4x4x1/4",
    "stockLength": 24,
    "stockWeight": 293.04,
    "stocksRequired": 1,
    "totalCost": 322.34,
    "wpf": 12.21,
  },
  {
    "fabWeight": 432,
    "item": "002",
    "length": 18,
    "pieces": 2,
    "priceBy": "LB",
    "size": "W10x12",
    "stockLength": 45,
    "stockWeight": 540,
    "stocksRequired": 1,
    "totalCost": 459,
    "wpf": 12,
  },
]
`;

exports[`standard fixture end-to-end > full totals object snapshot (fob) 1`] = `
{
  "grandTotal": 14942.26,
  "subtotal": 15316.76,
  "totalAdjustments": -374.5,
  "totalConnectionWeight": 60,
  "totalFabMarkup": 63.16,
  "totalFabWeight": 12671.56,
  "totalFabricationCost": 789.44,
  "totalMarkup": 916.71,
  "totalMaterialCost": 10983.7,
  "totalMaterialMarkup": 853.55,
  "totalRecapCosts": 1580,
  "totalStockWeight": 13382.06,
  "totalTax": 1046.91,
}
`;

exports[`standard fixture end-to-end > grandTotal (bidAmount) per tax category — to the penny 1`] = `
{
  "fob": 14942.26,
  "newConstruction": 14871.92,
  "noTax": 13895.35,
  "null": 13895.35,
  "resale": 13895.35,
}
`;

exports[`standard fixture end-to-end > per-item totals snapshot, both implementations agreeing 1`] = `
[
  {
    "component": 10399.07,
    "item": "001",
    "pdf": 10399.07,
  },
  {
    "component": 3870.78,
    "item": "002",
    "pdf": 3870.78,
  },
]
`;
